Microchip MPLAB XC8 Compiler V2.10 ()

Linker command line:

-W-3 --edf=C:\Program Files (x86)\Microchip\xc8\v2.10\pic\dat\en_msgs.txt \
  -cs -h+dist/default/production\DataAcq.X.production.sym \
  --cmf=dist/default/production\DataAcq.X.production.cmf -z -Q16F886 \
  -oC:\Users\oscar\AppData\Local\Temp\s99o.2 --defsym=__MPLAB_BUILD=1 \
  -Mdist/default/production/DataAcq.X.production.map -E1 -ver=XC8 \
  --acfsm=1493 -ASTACK=0110h-016Fh -pstack=STACK -ACODE=00h-07FFhx4 \
  -ASTRCODE=00h-01FFFh -ASTRING=00h-0FFhx32 -ACONST=00h-0FFhx32 \
  -AENTRY=00h-0FFhx32 -ACOMMON=070h-07Fh -ABANK0=020h-06Fh \
  -ABANK1=0A0h-0EFh -ABANK2=0110h-016Fh -ABANK3=0190h-01EFh \
  -ARAM=020h-06Fh,0A0h-0EFh,0110h-016Fh,0190h-01EFh \
  -AABS1=020h-07Fh,0A0h-0EFh,0110h-016Fh,0190h-01EFh -ASFR0=00h-01Fh \
  -ASFR1=080h-09Fh -ASFR2=0100h-010Fh -ASFR3=0180h-018Fh \
  -preset_vec=00h,intentry,init,end_init -ppowerup=CODE -pcinit=CODE \
  -pfunctab=ENTRY -ACONFIG=02007h-02008h -pconfig=CONFIG -DCONFIG=2 \
  -AIDLOC=02000h-02003h -pidloc=IDLOC -DIDLOC=2 -AEEDATA=00h-0FFh/02100h \
  -peeprom_data=EEDATA -DEEDATA=2 -DCODE=2 -DSTRCODE=2 -DSTRING=2 -DCONST=2 \
  -DENTRY=2 -k C:\Users\oscar\AppData\Local\Temp\s99o.o \
  dist/default/production\DataAcq.X.production.o 

Object code version is 3.11

Machine type is 16F886



                Name                               Link     Load   Length Selector   Space Scale
C:\Users\oscar\AppData\Local\Temp\s99o.o
                end_init                              0        0        3        0       0
                config                             2007     2007        2     400E       0
dist/default/production\DataAcq.X.production.o
                cinit                               7FC      7FC        4      FF8       0
                text30                             1ABE     1ABE       1A     357C       0
                text29                                5        5       29        A       0
                text28                             1001     1001       14     2002       0
                text27                             1190     1190      1DD     2320       0
                text26                             1B21     1B21       27     3642       0
                text25                              C9F      C9F      361     193E       0
                text24                             1578     1578      288     2AF0       0
                text23                             1AD8     1AD8       24     35B0       0
                text22                             1F46     1F46       BA     3E8C       0
                text21                               2E       2E      176       5C       0
                text20                             1AA0     1AA0        C     3540       0
                text19                             1B48     1B48       2E     3690       0
                text18                             1BF4     1BF4       4E     37E8       0
                text17                             1EA4     1EA4       A2     3D48       0
                text16                             1A95     1A95        B     352A       0
                text15                              8C4      8C4       7C     1188       0
                text14                             1D50     1D50       66     3AA0       0
                text13                             1C42     1C42       54     3884       0
                text12                             1AFC     1AFC       25     35F8       0
                text11                             10D2     10D2       BE     21A4       0
                text10                             1015     1015       BD     202A       0
                text9                              1BB0     1BB0       44     3760       0
                text8                              1B76     1B76       3A     36EC       0
                text7                              136D     136D      20B     26DA       0
                text6                              1AAC     1AAC       12     3558       0
                text5                              1DB6     1DB6       69     3B6C       0
                text4                              1C96     1C96       59     392C       0
                text3                               940      940      35F     1280       0
                text2                               1A4      1A4      658      348       0
                text1                              1CEF     1CEF       61     39DE       0
                maintext                           1E1F     1E1F       85     3C3E       0
                cstackBANK0                          20       20       4E       20       1
                cstackCOMMON                         70       70        E       70       1
                cstackBANK1                          A0       A0       4B       A0       1
                strings                             800      800       C1     1000       0

TOTAL           Name                               Link     Load   Length     Space
        CLASS   STACK          

        CLASS   CODE           
                end_init                              0        0        3         0
                cinit                               7FC      7FC        4         0
                text30                             1ABE     1ABE       1A         0
                text29                                5        5       29         0
                text28                             1001     1001       14         0
                text27                             1190     1190      1DD         0
                text26                             1B21     1B21       27         0
                text25                              C9F      C9F      361         0
                text24                             1578     1578      288         0
                text23                             1AD8     1AD8       24         0
                text22                             1F46     1F46       BA         0
                text21                               2E       2E      176         0
                text20                             1AA0     1AA0        C         0
                text19                             1B48     1B48       2E         0
                text18                             1BF4     1BF4       4E         0
                text17                             1EA4     1EA4       A2         0
                text16                             1A95     1A95        B         0
                text15                              8C4      8C4       7C         0
                text14                             1D50     1D50       66         0
                text13                             1C42     1C42       54         0
                text12                             1AFC     1AFC       25         0
                text11                             10D2     10D2       BE         0
                text10                             1015     1015       BD         0
                text9                              1BB0     1BB0       44         0
                text8                              1B76     1B76       3A         0
                text7                              136D     136D      20B         0
                text6                              1AAC     1AAC       12         0
                text5                              1DB6     1DB6       69         0
                text4                              1C96     1C96       59         0
                text3                               940      940      35F         0
                text2                               1A4      1A4      658         0
                text1                              1CEF     1CEF       61         0
                maintext                           1E1F     1E1F       85         0

        CLASS   STRCODE        

        CLASS   STRING         
                strings                             800      800       C1         0

        CLASS   CONST          

        CLASS   ENTRY          

        CLASS   COMMON         
                cstackCOMMON                         70       70        E         1

        CLASS   BANK0          
                cstackBANK0                          20       20       4E         1

        CLASS   BANK1          
                cstackBANK1                          A0       A0       4B         1

        CLASS   BANK2          

        CLASS   BANK3          

        CLASS   RAM            

        CLASS   ABS1           
                abs_s1                               7E       7E        2         1

        CLASS   SFR0           

        CLASS   SFR1           

        CLASS   SFR2           

        CLASS   SFR3           

        CLASS   CONFIG         
                config                             2007     2007        2         0

        CLASS   IDLOC          

        CLASS   EEDATA         



SEGMENTS        Name                           Load    Length   Top    Selector   Space  Class     Delta

                reset_vec                      000000  000003  000003         0       0  CODE        2
                text29                         000005  000029  00002E         A       0  CODE        2
                cstackBANK0                    000020  00004E  00006E        20       1  BANK0       1
                text21                         00002E  000176  0001A4        5C       0  CODE        2
                cstackCOMMON                   000070  00000E  00007E        70       1  COMMON      1
                cstackBANK1                    0000A0  00004B  0000EB        A0       1  BANK1       1
                text2                          0001A4  000658  0007FC       348       0  CODE        2
                cinit                          0007FC  000004  000800       FF8       0  CODE        2
                strings                        000800  0000C1  0008C1      1000       0  STRING      2
                text15                         0008C4  00007C  000940      1188       0  CODE        2
                text3                          000940  00035F  000C9F      1280       0  CODE        2
                text25                         000C9F  000361  001000      193E       0  CODE        2
                text28                         001001  000014  001015      2002       0  CODE        2
                text10                         001015  0000BD  0010D2      202A       0  CODE        2
                text11                         0010D2  0000BE  001190      21A4       0  CODE        2
                text27                         001190  0001DD  00136D      2320       0  CODE        2
                text7                          00136D  00020B  001578      26DA       0  CODE        2
                text24                         001578  000288  001800      2AF0       0  CODE        2
                text16                         001A95  00000B  001AA0      352A       0  CODE        2
                text20                         001AA0  00000C  001AAC      3540       0  CODE        2
                text6                          001AAC  000012  001ABE      3558       0  CODE        2
                text30                         001ABE  00001A  001AD8      357C       0  CODE        2
                text23                         001AD8  000024  001AFC      35B0       0  CODE        2
                text12                         001AFC  000025  001B21      35F8       0  CODE        2
                text26                         001B21  000027  001B48      3642       0  CODE        2
                text19                         001B48  00002E  001B76      3690       0  CODE        2
                text8                          001B76  00003A  001BB0      36EC       0  CODE        2
                text9                          001BB0  000044  001BF4      3760       0  CODE        2
                text18                         001BF4  00004E  001C42      37E8       0  CODE        2
                text13                         001C42  000054  001C96      3884       0  CODE        2
                text4                          001C96  000059  001CEF      392C       0  CODE        2
                text1                          001CEF  000061  001D50      39DE       0  CODE        2
                text14                         001D50  000066  001DB6      3AA0       0  CODE        2
                text5                          001DB6  000069  001E1F      3B6C       0  CODE        2
                maintext                       001E1F  000085  001EA4      3C3E       0  CODE        2
                text17                         001EA4  0000A2  001F46      3D48       0  CODE        2
                text22                         001F46  0000BA  002000      3E8C       0  CODE        2
                config                         002007  000002  002009      400E       0  CONFIG      2


UNUSED ADDRESS RANGES

        Name                Unused          Largest block    Delta
        BANK0            006E-006F              2           1
        BANK1            00EB-00EF              5           1
        BANK2            0110-016F             60           1
        BANK3            0190-01EF             60           1
        CODE             0003-0004              2           2
                         08C1-08C3              3
                         1000-1000              1
                         1800-1A94            295
        CONST            0003-0004              2           2
                         08C1-08C3              3
                         1000-1000              1
                         1800-1A94            100
        EEDATA           2100-21FF            100           2
        ENTRY            0003-0004              2           2
                         08C1-08C3              3
                         1000-1000              1
                         1800-1A94            100
        IDLOC            2000-2003              4           2
        RAM              006E-006F              2           1
                         00EB-00EF              5
                         0110-016F             60
                         0190-01EF             60
        SFR0             0000-001F             20           1
        SFR1             0080-009F             20           1
        SFR2             0100-010F             10           1
        SFR3             0180-018F             10           1
        STACK            0110-016F             60           1
        STRCODE          0003-0004              2           2
                         08C1-08C3              3
                         1000-1000              1
                         1800-1A94            295
        STRING           0003-0004              2           2
                         08C1-08C3              3
                         1000-1000              1
                         1800-1A94            100

                                  Symbol Table

?__Umul8_16              cstackCOMMON 0070
?___awdiv                cstackCOMMON 0077
?___awmod                cstackCOMMON 0070
?___fladd                cstackBANK0  0052
?___fldiv                cstackBANK1  00A0
?___flmul                cstackBANK0  0024
?___flneg                cstackCOMMON 0070
?___flsub                cstackBANK0  0066
?___fltol                cstackBANK0  0051
?___lldiv                cstackCOMMON 0070
?___llmod                cstackCOMMON 0070
?___lwdiv                cstackCOMMON 0076
?___lwmod                cstackCOMMON 0070
?___wmul                 cstackCOMMON 0070
?___xxtofl               cstackCOMMON 0070
?__div_to_l_             cstackCOMMON 0070
?__tdiv_to_l_            cstackCOMMON 0070
?_encontrarT             cstackBANK1  00BA
?_fround                 cstackBANK0  003E
?_scale                  cstackBANK0  003E
?_sprintf                cstackBANK1  00A0
?_voltajef               cstackBANK1  00BA
_ABDOVF                  (abs)        0C3F
_ADCON0bits              (abs)        001F
_ADCON1bits              (abs)        009F
_ADDEN                   (abs)        00C3
_ADFM                    (abs)        04FF
_ADRESH                  (abs)        001E
_ADRESL                  (abs)        009E
_ANSEL                   (abs)        0188
_BRG16                   (abs)        0C3B
_BRGH                    (abs)        04C2
_CREN                    (abs)        00C4
_RCIE                    (abs)        0465
_RCIF                    (abs)        0065
_RCSTAbits               (abs)        0018
_RX9                     (abs)        00C6
_SCKP                    (abs)        0C3C
_SENDB                   (abs)        04C3
_SPBRG                   (abs)        0099
_SPBRGH                  (abs)        009A
_TRISAbits               (abs)        0085
_TRISB                   (abs)        0086
_TRISC                   (abs)        0087
_TRISC6                  (abs)        043E
_TRISC7                  (abs)        043F
_TRMT                    (abs)        04C1
_TXIE                    (abs)        0464
_TXIF                    (abs)        0064
_TXREG                   (abs)        0019
_TXSTAbits               (abs)        0098
__CFG_BOR4V$BOR21V       (abs)        0000
__CFG_BOREN$ON           (abs)        0000
__CFG_CP$OFF             (abs)        0000
__CFG_CPD$OFF            (abs)        0000
__CFG_FCMEN$OFF          (abs)        0000
__CFG_FOSC$XT            (abs)        0000
__CFG_IESO$OFF           (abs)        0000
__CFG_LVP$OFF            (abs)        0000
__CFG_MCLRE$ON           (abs)        0000
__CFG_PWRTE$ON           (abs)        0000
__CFG_WDTE$OFF           (abs)        0000
__CFG_WRT$OFF            (abs)        0000
__Habs1                  abs1         0000
__Hbank0                 bank0        0000
__Hbank1                 bank1        0000
__Hbank2                 bank2        0000
__Hbank3                 bank3        0000
__Hcinit                 cinit        0800
__Hclrtext               clrtext      0000
__Hcode                  code         0000
__Hcommon                common       0000
__Hconfig                config       2009
__HcstackBANK0           cstackBANK0  0000
__HcstackBANK1           cstackBANK1  0000
__HcstackCOMMON          cstackCOMMON 0000
__Heeprom_data           eeprom_data  0000
__Hend_init              end_init     0003
__Hfunctab               functab      0000
__Hidloc                 idloc        0000
__Hinit                  init         0000
__Hintentry              intentry     0000
__Hmaintext              maintext     0000
__Hpowerup               powerup      0000
__Hram                   ram          0000
__Hreset_vec             reset_vec    0000
__Hsfr0                  sfr0         0000
__Hsfr1                  sfr1         0000
__Hsfr2                  sfr2         0000
__Hsfr3                  sfr3         0000
__Hspace_0               (abs)        2009
__Hspace_1               (abs)        00EB
__Hspace_2               (abs)        0000
__Hspace_3               (abs)        0000
__Hstack                 stack        0000
__Hstrings               strings      0000
__Htext                  text         0000
__Labs1                  abs1         0000
__Lbank0                 bank0        0000
__Lbank1                 bank1        0000
__Lbank2                 bank2        0000
__Lbank3                 bank3        0000
__Lcinit                 cinit        07FC
__Lclrtext               clrtext      0000
__Lcode                  code         0000
__Lcommon                common       0000
__Lconfig                config       2007
__LcstackBANK0           cstackBANK0  0000
__LcstackBANK1           cstackBANK1  0000
__LcstackCOMMON          cstackCOMMON 0000
__Leeprom_data           eeprom_data  0000
__Lend_init              end_init     0000
__Lfunctab               functab      0000
__Lidloc                 idloc        0000
__Linit                  init         0000
__Lintentry              intentry     0000
__Lmaintext              maintext     0000
__Lpowerup               powerup      0000
__Lram                   ram          0000
__Lreset_vec             reset_vec    0000
__Lsfr0                  sfr0         0000
__Lsfr1                  sfr1         0000
__Lsfr2                  sfr2         0000
__Lsfr3                  sfr3         0000
__Lspace_0               (abs)        0000
__Lspace_1               (abs)        0000
__Lspace_2               (abs)        0000
__Lspace_3               (abs)        0000
__Lstack                 stack        0000
__Lstrings               strings      0000
__Ltext                  text         0000
__S0                     (abs)        2009
__S1                     (abs)        00EB
__S2                     (abs)        0000
__S3                     (abs)        0000
__Umul8_16               text26       1B21
__Umul8_16@multiplicand  cstackCOMMON 0070
__Umul8_16@multiplier    cstackCOMMON 0078
__Umul8_16@product       cstackCOMMON 0074
__Umul8_16@word_mpld     cstackCOMMON 0076
___awdiv                 text5        1DB6
___awdiv@counter         cstackBANK0  0020
___awdiv@dividend        cstackCOMMON 0079
___awdiv@divisor         cstackCOMMON 0077
___awdiv@quotient        cstackBANK0  0022
___awdiv@sign            cstackBANK0  0021
___awmod                 text4        1C96
___awmod@counter         cstackCOMMON 0075
___awmod@dividend        cstackCOMMON 0072
___awmod@divisor         cstackCOMMON 0070
___awmod@sign            cstackCOMMON 0076
___fladd                 text24       1578
___fladd@a               cstackBANK0  0056
___fladd@aexp            cstackBANK0  0063
___fladd@b               cstackBANK0  0052
___fladd@bexp            cstackBANK0  0064
___fladd@grs             cstackBANK0  0065
___fladd@signs           cstackBANK0  0062
___fldiv                 text27       1190
___fldiv@a               cstackBANK1  00A0
___fldiv@aexp            cstackBANK1  00B9
___fldiv@b               cstackBANK1  00A4
___fldiv@bexp            cstackBANK1  00B8
___fldiv@grs             cstackBANK1  00B4
___fldiv@new_exp         cstackBANK1  00B2
___fldiv@rem             cstackBANK1  00AD
___fldiv@sign            cstackBANK1  00B1
___fleq                  text18       1BF4
___fleq@ff1              cstackCOMMON 0070
___fleq@ff2              cstackCOMMON 0074
___flge                  text17       1EA4
___flge@ff1              cstackCOMMON 0070
___flge@ff2              cstackCOMMON 0074
___flmul                 text25       0C9F
___flmul@a               cstackBANK0  0028
___flmul@aexp            cstackBANK0  0036
___flmul@b               cstackBANK0  0024
___flmul@bexp            cstackBANK0  0037
___flmul@grs             cstackBANK0  0032
___flmul@prod            cstackBANK0  0038
___flmul@sign            cstackBANK0  0031
___flmul@temp            cstackBANK0  003C
___flneg                 text16       1A95
___flneg@f1              cstackCOMMON 0070
___flsub                 text23       1AD8
___flsub@a               cstackBANK0  0066
___flsub@b               cstackBANK0  006A
___fltol                 text15       08C4
___fltol@exp1            cstackBANK0  005B
___fltol@f1              cstackBANK0  0051
___fltol@sign1           cstackBANK0  005A
___int_sp                stack        0000
___latbits               (abs)        0002
___lldiv                 text14       1D50
___lldiv@counter         cstackCOMMON 007D
___lldiv@dividend        cstackCOMMON 0074
___lldiv@divisor         cstackCOMMON 0070
___lldiv@quotient        cstackCOMMON 0079
___llmod                 text13       1C42
___llmod@counter         cstackCOMMON 0079
___llmod@dividend        cstackCOMMON 0074
___llmod@divisor         cstackCOMMON 0070
___lwdiv                 text9        1BB0
___lwdiv@counter         cstackCOMMON 007D
___lwdiv@dividend        cstackCOMMON 0078
___lwdiv@divisor         cstackCOMMON 0076
___lwdiv@quotient        cstackCOMMON 007B
___lwmod                 text8        1B76
___lwmod@counter         cstackCOMMON 0075
___lwmod@dividend        cstackCOMMON 0072
___lwmod@divisor         cstackCOMMON 0070
___sp                    stack        0000
___stackhi               (abs)        0000
___stacklo               (abs)        0000
___wmul                  text12       1AFC
___wmul@multiplicand     cstackCOMMON 0072
___wmul@multiplier       cstackCOMMON 0070
___wmul@product          cstackCOMMON 0074
___xxtofl                text22       1F46
___xxtofl@arg            cstackCOMMON 007A
___xxtofl@exp            cstackCOMMON 0079
___xxtofl@sign           cstackCOMMON 0078
___xxtofl@val            cstackCOMMON 0070
__div_to_l_              text11       10D2
__div_to_l_@cntr         cstackBANK0  0024
__div_to_l_@exp1         cstackBANK0  0025
__div_to_l_@f1           cstackCOMMON 0070
__div_to_l_@f2           cstackCOMMON 0074
__div_to_l_@quot         cstackBANK0  0020
__end_of__Umul8_16       text26       1B48
__end_of___awdiv         text5        1E1F
__end_of___awmod         text4        1CEF
__end_of___fladd         text24       1800
__end_of___fldiv         text27       136D
__end_of___fleq          text18       1C42
__end_of___flge          text17       1F46
__end_of___flmul         text25       1000
__end_of___flneg         text16       1AA0
__end_of___flsub         text23       1AFC
__end_of___fltol         text15       0940
__end_of___lldiv         text14       1DB6
__end_of___llmod         text13       1C96
__end_of___lwdiv         text9        1BF4
__end_of___lwmod         text8        1BB0
__end_of___wmul          text12       1B21
__end_of___xxtofl        text22       2000
__end_of__div_to_l_      text11       1190
__end_of__initialization cinit        07FC
__end_of__npowers_       strings      0878
__end_of__powers_        strings      0844
__end_of__stringtab      strings      0810
__end_of__tdiv_to_l_     text10       10D2
__end_of_config          text28       1015
__end_of_configADC       text30       1AD8
__end_of_configurarUART  text29       002E
__end_of_dpowers         strings      08A0
__end_of_encontrarT      text21       01A4
__end_of_fround          text7        1578
__end_of_isdigit         text6        1ABE
__end_of_main            maintext     1EA4
__end_of_putUART         text20       1AAC
__end_of_putsUART        text19       1B76
__end_of_scale           text3        0C9F
__end_of_sprintf         text2        07FC
__end_of_voltajef        text1        1D50
__initialization         cinit        07FC
__npowers_               strings      0844
__pcstackBANK0           cstackBANK0  0020
__pcstackBANK1           cstackBANK1  00A0
__pcstackCOMMON          cstackCOMMON 0070
__pmaintext              maintext     1E1F
__powers_                strings      0810
__pstrings               strings      0800
__ptext1                 text1        1CEF
__ptext10                text10       1015
__ptext11                text11       10D2
__ptext12                text12       1AFC
__ptext13                text13       1C42
__ptext14                text14       1D50
__ptext15                text15       08C4
__ptext16                text16       1A95
__ptext17                text17       1EA4
__ptext18                text18       1BF4
__ptext19                text19       1B48
__ptext2                 text2        01A4
__ptext20                text20       1AA0
__ptext21                text21       002E
__ptext22                text22       1F46
__ptext23                text23       1AD8
__ptext24                text24       1578
__ptext25                text25       0C9F
__ptext26                text26       1B21
__ptext27                text27       1190
__ptext28                text28       1001
__ptext29                text29       0005
__ptext3                 text3        0940
__ptext30                text30       1ABE
__ptext4                 text4        1C96
__ptext5                 text5        1DB6
__ptext6                 text6        1AAC
__ptext7                 text7        136D
__ptext8                 text8        1B76
__ptext9                 text9        1BB0
__size_of__Umul8_16      (abs)        0000
__size_of___awdiv        (abs)        0000
__size_of___awmod        (abs)        0000
__size_of___fladd        (abs)        0000
__size_of___fldiv        (abs)        0000
__size_of___fleq         (abs)        0000
__size_of___flge         (abs)        0000
__size_of___flmul        (abs)        0000
__size_of___flneg        (abs)        0000
__size_of___flsub        (abs)        0000
__size_of___fltol        (abs)        0000
__size_of___lldiv        (abs)        0000
__size_of___llmod        (abs)        0000
__size_of___lwdiv        (abs)        0000
__size_of___lwmod        (abs)        0000
__size_of___wmul         (abs)        0000
__size_of___xxtofl       (abs)        0000
__size_of__div_to_l_     (abs)        0000
__size_of__tdiv_to_l_    (abs)        0000
__size_of_config         (abs)        0000
__size_of_configADC      (abs)        0000
__size_of_configurarUART (abs)        0000
__size_of_encontrarT     (abs)        0000
__size_of_fround         (abs)        0000
__size_of_isdigit        (abs)        0000
__size_of_main           (abs)        0000
__size_of_putUART        (abs)        0000
__size_of_putsUART       (abs)        0000
__size_of_scale          (abs)        0000
__size_of_sprintf        (abs)        0000
__size_of_voltajef       (abs)        0000
__stringbase             strings      080F
__stringtab              strings      0800
__tdiv_to_l_             text10       1015
__tdiv_to_l_@cntr        cstackBANK0  0024
__tdiv_to_l_@exp1        cstackBANK0  0025
__tdiv_to_l_@f1          cstackCOMMON 0070
__tdiv_to_l_@f2          cstackCOMMON 0074
__tdiv_to_l_@quot        cstackBANK0  0020
_config                  text28       1001
_configADC               text30       1ABE
_configurarUART          text29       0005
_dpowers                 strings      0878
_encontrarT              text21       002E
_fround                  text7        136D
_fround$986              cstackBANK0  004D
_fround$987              cstackBANK0  0049
_isdigit                 text6        1AAC
_isdigit$801             cstackCOMMON 0070
_main                    maintext     1E1F
_putUART                 text20       1AA0
_putsUART                text19       1B48
_scale                   text3        0940
_scale$988               cstackBANK0  004C
_sprintf                 text2        01A4
_sprintf$989             cstackBANK1  00AE
_voltajef                text1        1CEF
btemp                    (abs)        007E
encontrarT@Rs            cstackBANK1  00BE
encontrarT@Temp          cstackBANK1  00C2
encontrarT@Vin           cstackBANK1  00C6
encontrarT@registro      cstackBANK1  00BA
end_of_initialization    cinit        07FC
fround@prec              cstackBANK0  0051
intlevel0                functab      0000
intlevel1                functab      0000
intlevel2                functab      0000
intlevel3                functab      0000
intlevel4                functab      0000
intlevel5                functab      0000
isdigit@c                cstackCOMMON 0071
main@mensaje             cstackBANK1  00CD
main@valADC              cstackBANK1  00E9
main@vin                 cstackBANK1  00E5
main@voltaje             cstackBANK1  00E1
putUART@dato             cstackCOMMON 0070
putsUART@i               cstackCOMMON 0073
putsUART@s               cstackCOMMON 0071
reset_vec                reset_vec    0000
scale@scl                cstackBANK0  0050
sprintf@ap               cstackBANK1  00B2
sprintf@c                cstackBANK1  00C6
sprintf@eexp             cstackBANK1  00B9
sprintf@f                cstackBANK1  00A0
sprintf@flag             cstackBANK1  00B3
sprintf@fval             cstackBANK1  00C2
sprintf@prec             cstackBANK1  00C0
sprintf@sp               cstackBANK1  00BF
sprintf@tmpval           cstackBANK1  00BB
sprintf@val              cstackBANK1  00B5
start                    init         0000
start_initialization     cinit        07FC
voltajef@Vin             cstackBANK1  00BE
voltajef@registro        cstackBANK1  00BA
wtemp0                   (abs)        007E


FUNCTION INFORMATION:

 *************** function _main *****************
 Defined at:
		line 98 in file "main.c"
 Parameters:    Size  Location     Type
		None
 Auto vars:     Size  Location     Type
  mensaje        20   45[BANK1 ] unsigned char [20]
  vin             4   69[BANK1 ] float 
  voltaje         4   65[BANK1 ] float 
  valADC          2   73[BANK1 ] unsigned int 
 Return value:  Size  Location     Type
                  1    wreg      void 
 Registers used:
		wreg, fsr0l, fsr0h, status,2, status,0, btemp+1, pclath, cstack
 Tracked objects:
		On entry : 
		On exit  : 
		Unchanged: 
 Data sizes:     COMMON   BANK0   BANK1   BANK3   BANK2
      Params:         0       0       0       0       0
      Locals:         0       0      30       0       0
      Temps:          0       0       3       0       0
      Totals:         0       0      33       0       0
Total ram usage:       33 bytes
 Hardware stack levels required when called:    4
 This function calls:
		_config
		_encontrarT
		_putsUART
		_sprintf
		_voltajef
 This function is called by:
		Startup code after reset
 This function uses a non-reentrant model


 *************** function _voltajef *****************
 Defined at:
		line 93 in file "main.c"
 Parameters:    Size  Location     Type
  registro        2   26[BANK1 ] unsigned int 
 Auto vars:     Size  Location     Type
  Vin             4   30[BANK1 ] float 
 Return value:  Size  Location     Type
                  4   26[BANK1 ] float 
 Registers used:
		wreg, status,2, status,0, btemp+1, pclath, cstack
 Tracked objects:
		On entry : 
		On exit  : 
		Unchanged: 
 Data sizes:     COMMON   BANK0   BANK1   BANK3   BANK2
      Params:         0       0       4       0       0
      Locals:         0       0       4       0       0
      Temps:          0       0       0       0       0
      Totals:         0       0       8       0       0
Total ram usage:        8 bytes
 Hardware stack levels used:    1
 Hardware stack levels required when called:    2
 This function calls:
		___fldiv
		___flmul
		___xxtofl
 This function is called by:
		_main
 This function uses a non-reentrant model


 *************** function _sprintf *****************
 Defined at:
		line 505 in file "C:\Program Files (x86)\Microchip\xc8\v2.10\pic\sources\c90\common\doprnt.c"
 Parameters:    Size  Location     Type
  sp              1    wreg     PTR unsigned char 
		 -> main@mensaje(20), 
  f               1    0[BANK1 ] PTR const unsigned char 
		 -> STR_2(22), 
 Auto vars:     Size  Location     Type
  sp              1   31[BANK1 ] PTR unsigned char 
		 -> main@mensaje(20), 
  fval            4   34[BANK1 ] PTR unsigned char 
  tmpval          4   27[BANK1 ] struct .
  val             4   21[BANK1 ] unsigned long 
  prec            2   32[BANK1 ] int 
  eexp            2   25[BANK1 ] int 
  flag            2   19[BANK1 ] unsigned short 
  cp              2    0        PTR const unsigned char 
  len             2    0        unsigned int 
  width           2    0        int 
  c               1   38[BANK1 ] unsigned char 
  ap              1   18[BANK1 ] PTR void [1]
		 -> ?_sprintf(2), 
  d               1    0        unsigned char 
 Return value:  Size  Location     Type
                  2    0[BANK1 ] int 
 Registers used:
		wreg, fsr0l, fsr0h, status,2, status,0, btemp+1, pclath, cstack
 Tracked objects:
		On entry : 
		On exit  : 
		Unchanged: 
 Data sizes:     COMMON   BANK0   BANK1   BANK3   BANK2
      Params:         0       0       9       0       0
      Locals:         0       0      25       0       0
      Temps:          0       0       5       0       0
      Totals:         0       0      39       0       0
Total ram usage:       39 bytes
 Hardware stack levels used:    1
 Hardware stack levels required when called:    3
 This function calls:
		___awdiv
		___fladd
		___fleq
		___flge
		___flmul
		___flneg
		___flsub
		___fltol
		___lldiv
		___llmod
		___wmul
		___xxtofl
		__div_to_l_
		__tdiv_to_l_
		_fround
		_isdigit
		_scale
 This function is called by:
		_main
 This function uses a non-reentrant model


 *************** function _scale *****************
 Defined at:
		line 433 in file "C:\Program Files (x86)\Microchip\xc8\v2.10\pic\sources\c90\common\doprnt.c"
 Parameters:    Size  Location     Type
  scl             1    wreg     char 
 Auto vars:     Size  Location     Type
  scl             1   48[BANK0 ] char 
 Return value:  Size  Location     Type
                  4   30[BANK0 ] char 
 Registers used:
		wreg, fsr0l, fsr0h, status,2, status,0, btemp+1, pclath, cstack
 Tracked objects:
		On entry : 
		On exit  : 
		Unchanged: 
 Data sizes:     COMMON   BANK0   BANK1   BANK3   BANK2
      Params:         0       4       0       0       0
      Locals:         0       5       0       0       0
      Temps:          0      10       0       0       0
      Totals:         0      19       0       0       0
Total ram usage:       19 bytes
 Hardware stack levels used:    1
 Hardware stack levels required when called:    2
 This function calls:
		___awdiv
		___awmod
		___flmul
 This function is called by:
		_sprintf
 This function uses a non-reentrant model


 *************** function ___awmod *****************
 Defined at:
		line 5 in file "C:\Program Files (x86)\Microchip\xc8\v2.10\pic\sources\c90\common\awmod.c"
 Parameters:    Size  Location     Type
  divisor         2    0[COMMON] int 
  dividend        2    2[COMMON] int 
 Auto vars:     Size  Location     Type
  sign            1    6[COMMON] unsigned char 
  counter         1    5[COMMON] unsigned char 
 Return value:  Size  Location     Type
                  2    0[COMMON] int 
 Registers used:
		wreg, status,2, status,0
 Tracked objects:
		On entry : 
		On exit  : 
		Unchanged: 
 Data sizes:     COMMON   BANK0   BANK1   BANK3   BANK2
      Params:         4       0       0       0       0
      Locals:         2       0       0       0       0
      Temps:          1       0       0       0       0
      Totals:         7       0       0       0       0
Total ram usage:        7 bytes
 Hardware stack levels used:    1
 This function calls:
		Nothing
 This function is called by:
		_scale
 This function uses a non-reentrant model


 *************** function ___awdiv *****************
 Defined at:
		line 5 in file "C:\Program Files (x86)\Microchip\xc8\v2.10\pic\sources\c90\common\awdiv.c"
 Parameters:    Size  Location     Type
  divisor         2    7[COMMON] int 
  dividend        2    9[COMMON] int 
 Auto vars:     Size  Location     Type
  quotient        2    2[BANK0 ] int 
  sign            1    1[BANK0 ] unsigned char 
  counter         1    0[BANK0 ] unsigned char 
 Return value:  Size  Location     Type
                  2    7[COMMON] int 
 Registers used:
		wreg, status,2, status,0
 Tracked objects:
		On entry : 
		On exit  : 
		Unchanged: 
 Data sizes:     COMMON   BANK0   BANK1   BANK3   BANK2
      Params:         4       0       0       0       0
      Locals:         0       4       0       0       0
      Temps:          1       0       0       0       0
      Totals:         5       4       0       0       0
Total ram usage:        9 bytes
 Hardware stack levels used:    1
 This function calls:
		Nothing
 This function is called by:
		_scale
		_sprintf
 This function uses a non-reentrant model


 *************** function _isdigit *****************
 Defined at:
		line 8 in file "C:\Program Files (x86)\Microchip\xc8\v2.10\pic\sources\c90\common\isdigit.c"
 Parameters:    Size  Location     Type
  c               1    wreg     unsigned char 
 Auto vars:     Size  Location     Type
  c               1    1[COMMON] unsigned char 
 Return value:  Size  Location     Type
		None               void
 Registers used:
		wreg, status,2, status,0
 Tracked objects:
		On entry : 
		On exit  : 
		Unchanged: 
 Data sizes:     COMMON   BANK0   BANK1   BANK3   BANK2
      Params:         0       0       0       0       0
      Locals:         2       0       0       0       0
      Temps:          0       0       0       0       0
      Totals:         2       0       0       0       0
Total ram usage:        2 bytes
 Hardware stack levels used:    1
 This function calls:
		Nothing
 This function is called by:
		_sprintf
 This function uses a non-reentrant model


 *************** function _fround *****************
 Defined at:
		line 417 in file "C:\Program Files (x86)\Microchip\xc8\v2.10\pic\sources\c90\common\doprnt.c"
 Parameters:    Size  Location     Type
  prec            1    wreg     unsigned char 
 Auto vars:     Size  Location     Type
  prec            1   49[BANK0 ] unsigned char 
 Return value:  Size  Location     Type
                  4   30[BANK0 ] unsigned char 
 Registers used:
		wreg, fsr0l, fsr0h, status,2, status,0, btemp+1, pclath, cstack
 Tracked objects:
		On entry : 
		On exit  : 
		Unchanged: 
 Data sizes:     COMMON   BANK0   BANK1   BANK3   BANK2
      Params:         0       4       0       0       0
      Locals:         0       9       0       0       0
      Temps:          0       7       0       0       0
      Totals:         0      20       0       0       0
Total ram usage:       20 bytes
 Hardware stack levels used:    1
 Hardware stack levels required when called:    2
 This function calls:
		___flmul
		___lwdiv
		___lwmod
 This function is called by:
		_sprintf
 This function uses a non-reentrant model


 *************** function ___lwmod *****************
 Defined at:
		line 5 in file "C:\Program Files (x86)\Microchip\xc8\v2.10\pic\sources\c90\common\lwmod.c"
 Parameters:    Size  Location     Type
  divisor         2    0[COMMON] unsigned int 
  dividend        2    2[COMMON] unsigned int 
 Auto vars:     Size  Location     Type
  counter         1    5[COMMON] unsigned char 
 Return value:  Size  Location     Type
                  2    0[COMMON] unsigned int 
 Registers used:
		wreg, status,2, status,0
 Tracked objects:
		On entry : 
		On exit  : 
		Unchanged: 
 Data sizes:     COMMON   BANK0   BANK1   BANK3   BANK2
      Params:         4       0       0       0       0
      Locals:         1       0       0       0       0
      Temps:          1       0       0       0       0
      Totals:         6       0       0       0       0
Total ram usage:        6 bytes
 Hardware stack levels used:    1
 This function calls:
		Nothing
 This function is called by:
		_fround
 This function uses a non-reentrant model


 *************** function ___lwdiv *****************
 Defined at:
		line 5 in file "C:\Program Files (x86)\Microchip\xc8\v2.10\pic\sources\c90\common\lwdiv.c"
 Parameters:    Size  Location     Type
  divisor         2    6[COMMON] unsigned int 
  dividend        2    8[COMMON] unsigned int 
 Auto vars:     Size  Location     Type
  quotient        2   11[COMMON] unsigned int 
  counter         1   13[COMMON] unsigned char 
 Return value:  Size  Location     Type
                  2    6[COMMON] unsigned int 
 Registers used:
		wreg, status,2, status,0
 Tracked objects:
		On entry : 
		On exit  : 
		Unchanged: 
 Data sizes:     COMMON   BANK0   BANK1   BANK3   BANK2
      Params:         4       0       0       0       0
      Locals:         3       0       0       0       0
      Temps:          1       0       0       0       0
      Totals:         8       0       0       0       0
Total ram usage:        8 bytes
 Hardware stack levels used:    1
 This function calls:
		Nothing
 This function is called by:
		_fround
 This function uses a non-reentrant model


 *************** function __tdiv_to_l_ *****************
 Defined at:
		line 60 in file "C:\Program Files (x86)\Microchip\xc8\v2.10\pic\sources\c90\common\ftdivl.c"
 Parameters:    Size  Location     Type
  f1              4    0[COMMON] float 
  f2              4    4[COMMON] float 
 Auto vars:     Size  Location     Type
  quot            4    0[BANK0 ] unsigned long 
  exp1            1    5[BANK0 ] unsigned char 
  cntr            1    4[BANK0 ] unsigned char 
 Return value:  Size  Location     Type
                  4    0[COMMON] unsigned long 
 Registers used:
		wreg, status,2, status,0
 Tracked objects:
		On entry : 
		On exit  : 
		Unchanged: 
 Data sizes:     COMMON   BANK0   BANK1   BANK3   BANK2
      Params:         8       0       0       0       0
      Locals:         0       6       0       0       0
      Temps:          4       0       0       0       0
      Totals:        12       6       0       0       0
Total ram usage:       18 bytes
 Hardware stack levels used:    1
 This function calls:
		Nothing
 This function is called by:
		_sprintf
 This function uses a non-reentrant model


 *************** function __div_to_l_ *****************
 Defined at:
		line 60 in file "C:\Program Files (x86)\Microchip\xc8\v2.10\pic\sources\c90\common\fldivl.c"
 Parameters:    Size  Location     Type
  f1              4    0[COMMON] unsigned long 
  f2              4    4[COMMON] unsigned long 
 Auto vars:     Size  Location     Type
  quot            4    0[BANK0 ] unsigned long 
  exp1            1    5[BANK0 ] unsigned char 
  cntr            1    4[BANK0 ] unsigned char 
 Return value:  Size  Location     Type
                  4    0[COMMON] unsigned long 
 Registers used:
		wreg, status,2, status,0
 Tracked objects:
		On entry : 
		On exit  : 
		Unchanged: 
 Data sizes:     COMMON   BANK0   BANK1   BANK3   BANK2
      Params:         8       0       0       0       0
      Locals:         0       6       0       0       0
      Temps:          1       0       0       0       0
      Totals:         9       6       0       0       0
Total ram usage:       15 bytes
 Hardware stack levels used:    1
 This function calls:
		Nothing
 This function is called by:
		_sprintf
 This function uses a non-reentrant model


 *************** function ___wmul *****************
 Defined at:
		line 15 in file "C:\Program Files (x86)\Microchip\xc8\v2.10\pic\sources\c90\common\Umul16.c"
 Parameters:    Size  Location     Type
  multiplier      2    0[COMMON] unsigned int 
  multiplicand    2    2[COMMON] unsigned int 
 Auto vars:     Size  Location     Type
  product         2    4[COMMON] unsigned int 
 Return value:  Size  Location     Type
                  2    0[COMMON] unsigned int 
 Registers used:
		wreg, status,2, status,0
 Tracked objects:
		On entry : 
		On exit  : 
		Unchanged: 
 Data sizes:     COMMON   BANK0   BANK1   BANK3   BANK2
      Params:         4       0       0       0       0
      Locals:         2       0       0       0       0
      Temps:          0       0       0       0       0
      Totals:         6       0       0       0       0
Total ram usage:        6 bytes
 Hardware stack levels used:    1
 This function calls:
		Nothing
 This function is called by:
		_sprintf
 This function uses a non-reentrant model


 *************** function ___llmod *****************
 Defined at:
		line 5 in file "C:\Program Files (x86)\Microchip\xc8\v2.10\pic\sources\c90\common\llmod.c"
 Parameters:    Size  Location     Type
  divisor         4    0[COMMON] unsigned long 
  dividend        4    4[COMMON] unsigned long 
 Auto vars:     Size  Location     Type
  counter         1    9[COMMON] unsigned char 
 Return value:  Size  Location     Type
                  4    0[COMMON] unsigned long 
 Registers used:
		wreg, status,2, status,0
 Tracked objects:
		On entry : 
		On exit  : 
		Unchanged: 
 Data sizes:     COMMON   BANK0   BANK1   BANK3   BANK2
      Params:         8       0       0       0       0
      Locals:         1       0       0       0       0
      Temps:          1       0       0       0       0
      Totals:        10       0       0       0       0
Total ram usage:       10 bytes
 Hardware stack levels used:    1
 This function calls:
		Nothing
 This function is called by:
		_sprintf
 This function uses a non-reentrant model


 *************** function ___lldiv *****************
 Defined at:
		line 5 in file "C:\Program Files (x86)\Microchip\xc8\v2.10\pic\sources\c90\common\__lldiv.c"
 Parameters:    Size  Location     Type
  divisor         4    0[COMMON] unsigned long 
  dividend        4    4[COMMON] unsigned long 
 Auto vars:     Size  Location     Type
  quotient        4    9[COMMON] unsigned long 
  counter         1   13[COMMON] unsigned char 
 Return value:  Size  Location     Type
                  4    0[COMMON] unsigned long 
 Registers used:
		wreg, status,2, status,0
 Tracked objects:
		On entry : 
		On exit  : 
		Unchanged: 
 Data sizes:     COMMON   BANK0   BANK1   BANK3   BANK2
      Params:         8       0       0       0       0
      Locals:         5       0       0       0       0
      Temps:          1       0       0       0       0
      Totals:        14       0       0       0       0
Total ram usage:       14 bytes
 Hardware stack levels used:    1
 This function calls:
		Nothing
 This function is called by:
		_sprintf
 This function uses a non-reentrant model


 *************** function ___fltol *****************
 Defined at:
		line 43 in file "C:\Program Files (x86)\Microchip\xc8\v2.10\pic\sources\c90\common\fltol.c"
 Parameters:    Size  Location     Type
  f1              4   49[BANK0 ] unsigned long 
 Auto vars:     Size  Location     Type
  exp1            1   59[BANK0 ] unsigned char 
  sign1           1   58[BANK0 ] unsigned char 
 Return value:  Size  Location     Type
                  4   49[BANK0 ] long 
 Registers used:
		wreg, status,2, status,0
 Tracked objects:
		On entry : 
		On exit  : 
		Unchanged: 
 Data sizes:     COMMON   BANK0   BANK1   BANK3   BANK2
      Params:         0       4       0       0       0
      Locals:         0       2       0       0       0
      Temps:          0       5       0       0       0
      Totals:         0      11       0       0       0
Total ram usage:       11 bytes
 Hardware stack levels used:    1
 This function calls:
		Nothing
 This function is called by:
		_sprintf
 This function uses a non-reentrant model


 *************** function ___flneg *****************
 Defined at:
		line 15 in file "C:\Program Files (x86)\Microchip\xc8\v2.10\pic\sources\c90\common\flneg.c"
 Parameters:    Size  Location     Type
  f1              4    0[COMMON] long 
 Auto vars:     Size  Location     Type
		None
 Return value:  Size  Location     Type
                  4    0[COMMON] long 
 Registers used:
		wreg
 Tracked objects:
		On entry : 
		On exit  : 
		Unchanged: 
 Data sizes:     COMMON   BANK0   BANK1   BANK3   BANK2
      Params:         4       0       0       0       0
      Locals:         0       0       0       0       0
      Temps:          0       0       0       0       0
      Totals:         4       0       0       0       0
Total ram usage:        4 bytes
 Hardware stack levels used:    1
 This function calls:
		Nothing
 This function is called by:
		_sprintf
 This function uses a non-reentrant model


 *************** function ___flge *****************
 Defined at:
		line 4 in file "C:\Program Files (x86)\Microchip\xc8\v2.10\pic\sources\c90\common\flge.c"
 Parameters:    Size  Location     Type
  ff1             4    0[COMMON] long 
  ff2             4    4[COMMON] long 
 Auto vars:     Size  Location     Type
		None
 Return value:  Size  Location     Type
		None               void
 Registers used:
		wreg, status,2, status,0
 Tracked objects:
		On entry : 
		On exit  : 
		Unchanged: 
 Data sizes:     COMMON   BANK0   BANK1   BANK3   BANK2
      Params:         8       0       0       0       0
      Locals:         0       0       0       0       0
      Temps:          4       0       0       0       0
      Totals:        12       0       0       0       0
Total ram usage:       12 bytes
 Hardware stack levels used:    1
 This function calls:
		Nothing
 This function is called by:
		_sprintf
 This function uses a non-reentrant model


 *************** function ___fleq *****************
 Defined at:
		line 4 in file "C:\Program Files (x86)\Microchip\xc8\v2.10\pic\sources\c90\common\fleq.c"
 Parameters:    Size  Location     Type
  ff1             4    0[COMMON] long 
  ff2             4    4[COMMON] long 
 Auto vars:     Size  Location     Type
		None
 Return value:  Size  Location     Type
		None               void
 Registers used:
		wreg, status,2, status,0
 Tracked objects:
		On entry : 
		On exit  : 
		Unchanged: 
 Data sizes:     COMMON   BANK0   BANK1   BANK3   BANK2
      Params:         8       0       0       0       0
      Locals:         0       0       0       0       0
      Temps:          4       0       0       0       0
      Totals:        12       0       0       0       0
Total ram usage:       12 bytes
 Hardware stack levels used:    1
 This function calls:
		Nothing
 This function is called by:
		_sprintf
 This function uses a non-reentrant model


 *************** function _putsUART *****************
 Defined at:
		line 18 in file "./usart.h"
 Parameters:    Size  Location     Type
  s               2    1[COMMON] PTR unsigned char 
		 -> main@mensaje(20), STR_1(11), 
 Auto vars:     Size  Location     Type
  i               2    3[COMMON] unsigned int 
 Return value:  Size  Location     Type
                  1    wreg      void 
 Registers used:
		wreg, fsr0l, fsr0h, status,2, status,0, btemp+1, pclath, cstack
 Tracked objects:
		On entry : 
		On exit  : 
		Unchanged: 
 Data sizes:     COMMON   BANK0   BANK1   BANK3   BANK2
      Params:         2       0       0       0       0
      Locals:         2       0       0       0       0
      Temps:          0       0       0       0       0
      Totals:         4       0       0       0       0
Total ram usage:        4 bytes
 Hardware stack levels used:    1
 Hardware stack levels required when called:    1
 This function calls:
		_putUART
 This function is called by:
		_main
 This function uses a non-reentrant model


 *************** function _putUART *****************
 Defined at:
		line 12 in file "./usart.h"
 Parameters:    Size  Location     Type
  dato            1    wreg     unsigned char 
 Auto vars:     Size  Location     Type
  dato            1    0[COMMON] unsigned char 
 Return value:  Size  Location     Type
                  1    wreg      void 
 Registers used:
		wreg
 Tracked objects:
		On entry : 
		On exit  : 
		Unchanged: 
 Data sizes:     COMMON   BANK0   BANK1   BANK3   BANK2
      Params:         0       0       0       0       0
      Locals:         1       0       0       0       0
      Temps:          0       0       0       0       0
      Totals:         1       0       0       0       0
Total ram usage:        1 bytes
 Hardware stack levels used:    1
 This function calls:
		Nothing
 This function is called by:
		_putsUART
 This function uses a non-reentrant model


 *************** function _encontrarT *****************
 Defined at:
		line 86 in file "main.c"
 Parameters:    Size  Location     Type
  registro        2   26[BANK1 ] unsigned int 
 Auto vars:     Size  Location     Type
  Vin             4   38[BANK1 ] float 
  Temp            4   34[BANK1 ] float 
  Rs              4   30[BANK1 ] float 
 Return value:  Size  Location     Type
                  4   26[BANK1 ] float 
 Registers used:
		wreg, status,2, status,0, btemp+1, pclath, cstack
 Tracked objects:
		On entry : 
		On exit  : 
		Unchanged: 
 Data sizes:     COMMON   BANK0   BANK1   BANK3   BANK2
      Params:         0       0       4       0       0
      Locals:         0       0      12       0       0
      Temps:          0       0       0       0       0
      Totals:         0       0      16       0       0
Total ram usage:       16 bytes
 Hardware stack levels used:    1
 Hardware stack levels required when called:    2
 This function calls:
		___fladd
		___fldiv
		___flmul
		___flsub
		___xxtofl
 This function is called by:
		_main
 This function uses a non-reentrant model


 *************** function ___xxtofl *****************
 Defined at:
		line 10 in file "C:\Program Files (x86)\Microchip\xc8\v2.10\pic\sources\c90\common\xxtofl.c"
 Parameters:    Size  Location     Type
  sign            1    wreg     unsigned char 
  val             4    0[COMMON] long 
 Auto vars:     Size  Location     Type
  sign            1    8[COMMON] unsigned char 
  arg             4   10[COMMON] unsigned long 
  exp             1    9[COMMON] unsigned char 
 Return value:  Size  Location     Type
                  4    0[COMMON] unsigned char 
 Registers used:
		wreg, status,2, status,0
 Tracked objects:
		On entry : 
		On exit  : 
		Unchanged: 
 Data sizes:     COMMON   BANK0   BANK1   BANK3   BANK2
      Params:         4       0       0       0       0
      Locals:         6       0       0       0       0
      Temps:          4       0       0       0       0
      Totals:        14       0       0       0       0
Total ram usage:       14 bytes
 Hardware stack levels used:    1
 This function calls:
		Nothing
 This function is called by:
		_encontrarT
		_voltajef
		_sprintf
 This function uses a non-reentrant model


 *************** function ___flsub *****************
 Defined at:
		line 242 in file "C:\Program Files (x86)\Microchip\xc8\v2.10\pic\sources\c90\common\sprcadd.c"
 Parameters:    Size  Location     Type
  a               4   70[BANK0 ] unsigned char 
  b               4   74[BANK0 ] unsigned char 
 Auto vars:     Size  Location     Type
		None
 Return value:  Size  Location     Type
                  4   70[BANK0 ] unsigned char 
 Registers used:
		wreg, status,2, status,0, btemp+1, pclath, cstack
 Tracked objects:
		On entry : 
		On exit  : 
		Unchanged: 
 Data sizes:     COMMON   BANK0   BANK1   BANK3   BANK2
      Params:         0       8       0       0       0
      Locals:         0       0       0       0       0
      Temps:          0       0       0       0       0
      Totals:         0       8       0       0       0
Total ram usage:        8 bytes
 Hardware stack levels used:    1
 Hardware stack levels required when called:    1
 This function calls:
		___fladd
 This function is called by:
		_encontrarT
		_sprintf
 This function uses a non-reentrant model


 *************** function ___fladd *****************
 Defined at:
		line 10 in file "C:\Program Files (x86)\Microchip\xc8\v2.10\pic\sources\c90\common\sprcadd.c"
 Parameters:    Size  Location     Type
  b               4   50[BANK0 ] unsigned char 
  a               4   54[BANK0 ] unsigned char 
 Auto vars:     Size  Location     Type
  grs             1   69[BANK0 ] unsigned char 
  bexp            1   68[BANK0 ] unsigned char 
  aexp            1   67[BANK0 ] unsigned char 
  signs           1   66[BANK0 ] unsigned char 
 Return value:  Size  Location     Type
                  4   50[BANK0 ] unsigned char 
 Registers used:
		wreg, status,2, status,0, btemp+1
 Tracked objects:
		On entry : 
		On exit  : 
		Unchanged: 
 Data sizes:     COMMON   BANK0   BANK1   BANK3   BANK2
      Params:         0       8       0       0       0
      Locals:         0       4       0       0       0
      Temps:          0       8       0       0       0
      Totals:         0      20       0       0       0
Total ram usage:       20 bytes
 Hardware stack levels used:    1
 This function calls:
		Nothing
 This function is called by:
		_encontrarT
		_sprintf
		___flsub
 This function uses a non-reentrant model


 *************** function ___flmul *****************
 Defined at:
		line 8 in file "C:\Program Files (x86)\Microchip\xc8\v2.10\pic\sources\c90\common\sprcmul.c"
 Parameters:    Size  Location     Type
  b               4    4[BANK0 ] unsigned char 
  a               4    8[BANK0 ] unsigned char 
 Auto vars:     Size  Location     Type
  prod            4   24[BANK0 ] struct .
  grs             4   18[BANK0 ] unsigned long 
  temp            2   28[BANK0 ] struct .
  bexp            1   23[BANK0 ] unsigned char 
  aexp            1   22[BANK0 ] unsigned char 
  sign            1   17[BANK0 ] unsigned char 
 Return value:  Size  Location     Type
                  4    4[BANK0 ] unsigned char 
 Registers used:
		wreg, status,2, status,0, btemp+1, pclath, cstack
 Tracked objects:
		On entry : 
		On exit  : 
		Unchanged: 
 Data sizes:     COMMON   BANK0   BANK1   BANK3   BANK2
      Params:         0       8       0       0       0
      Locals:         0      13       0       0       0
      Temps:          0       5       0       0       0
      Totals:         0      26       0       0       0
Total ram usage:       26 bytes
 Hardware stack levels used:    1
 Hardware stack levels required when called:    1
 This function calls:
		__Umul8_16
 This function is called by:
		_encontrarT
		_voltajef
		_fround
		_scale
		_sprintf
 This function uses a non-reentrant model


 *************** function __Umul8_16 *****************
 Defined at:
		line 4 in file "C:\Program Files (x86)\Microchip\xc8\v2.10\pic\sources\c90\common\Umul8_16.c"
 Parameters:    Size  Location     Type
  multiplier      1    wreg     unsigned char 
  multiplicand    1    0[COMMON] unsigned char 
 Auto vars:     Size  Location     Type
  multiplier      1    8[COMMON] unsigned char 
  word_mpld       2    6[COMMON] unsigned int 
  product         2    4[COMMON] unsigned int 
 Return value:  Size  Location     Type
                  2    0[COMMON] unsigned int 
 Registers used:
		wreg, status,2, status,0
 Tracked objects:
		On entry : 
		On exit  : 
		Unchanged: 
 Data sizes:     COMMON   BANK0   BANK1   BANK3   BANK2
      Params:         2       0       0       0       0
      Locals:         5       0       0       0       0
      Temps:          2       0       0       0       0
      Totals:         9       0       0       0       0
Total ram usage:        9 bytes
 Hardware stack levels used:    1
 This function calls:
		Nothing
 This function is called by:
		___flmul
 This function uses a non-reentrant model


 *************** function ___fldiv *****************
 Defined at:
		line 8 in file "C:\Program Files (x86)\Microchip\xc8\v2.10\pic\sources\c90\common\sprcdiv.c"
 Parameters:    Size  Location     Type
  a               4    0[BANK1 ] unsigned int 
  b               4    4[BANK1 ] unsigned int 
 Auto vars:     Size  Location     Type
  grs             4   20[BANK1 ] unsigned long 
  rem             4   13[BANK1 ] unsigned long 
  new_exp         2   18[BANK1 ] int 
  aexp            1   25[BANK1 ] unsigned char 
  bexp            1   24[BANK1 ] unsigned char 
  sign            1   17[BANK1 ] unsigned char 
 Return value:  Size  Location     Type
                  4    0[BANK1 ] unsigned char 
 Registers used:
		wreg, status,2, status,0, btemp+1
 Tracked objects:
		On entry : 
		On exit  : 
		Unchanged: 
 Data sizes:     COMMON   BANK0   BANK1   BANK3   BANK2
      Params:         0       0       8       0       0
      Locals:         0       0      13       0       0
      Temps:          0       0       5       0       0
      Totals:         0       0      26       0       0
Total ram usage:       26 bytes
 Hardware stack levels used:    1
 This function calls:
		Nothing
 This function is called by:
		_encontrarT
		_voltajef
 This function uses a non-reentrant model


 *************** function _config *****************
 Defined at:
		line 77 in file "main.c"
 Parameters:    Size  Location     Type
		None
 Auto vars:     Size  Location     Type
		None
 Return value:  Size  Location     Type
                  1    wreg      void 
 Registers used:
		wreg, status,2, status,0, pclath, cstack
 Tracked objects:
		On entry : 
		On exit  : 
		Unchanged: 
 Data sizes:     COMMON   BANK0   BANK1   BANK3   BANK2
      Params:         0       0       0       0       0
      Locals:         0       0       0       0       0
      Temps:          0       0       0       0       0
      Totals:         0       0       0       0       0
Total ram usage:        0 bytes
 Hardware stack levels used:    1
 Hardware stack levels required when called:    1
 This function calls:
		_configADC
		_configurarUART
 This function is called by:
		_main
 This function uses a non-reentrant model


 *************** function _configurarUART *****************
 Defined at:
		line 24 in file "./usart.h"
 Parameters:    Size  Location     Type
		None
 Auto vars:     Size  Location     Type
		None
 Return value:  Size  Location     Type
                  1    wreg      void 
 Registers used:
		wreg, status,2
 Tracked objects:
		On entry : 
		On exit  : 
		Unchanged: 
 Data sizes:     COMMON   BANK0   BANK1   BANK3   BANK2
      Params:         0       0       0       0       0
      Locals:         0       0       0       0       0
      Temps:          0       0       0       0       0
      Totals:         0       0       0       0       0
Total ram usage:        0 bytes
 Hardware stack levels used:    1
 This function calls:
		Nothing
 This function is called by:
		_config
 This function uses a non-reentrant model


 *************** function _configADC *****************
 Defined at:
		line 54 in file "main.c"
 Parameters:    Size  Location     Type
		None
 Auto vars:     Size  Location     Type
		None
 Return value:  Size  Location     Type
                  1    wreg      void 
 Registers used:
		wreg, status,2, status,0
 Tracked objects:
		On entry : 
		On exit  : 
		Unchanged: 
 Data sizes:     COMMON   BANK0   BANK1   BANK3   BANK2
      Params:         0       0       0       0       0
      Locals:         0       0       0       0       0
      Temps:          0       0       0       0       0
      Totals:         0       0       0       0       0
Total ram usage:        0 bytes
 Hardware stack levels used:    1
 This function calls:
		Nothing
 This function is called by:
		_config
 This function uses a non-reentrant model



MODULE INFORMATION

Module		Function		Class		Link	Load	Size
C:\Program Files (x86)\Microchip\xc8\v2.10\pic\sources\c90\common\fleq.c
		___fleq        		CODE           	1BF4	0000	79

C:\Program Files (x86)\Microchip\xc8\v2.10\pic\sources\c90\common\fleq.c estimated size: 79

C:\Program Files (x86)\Microchip\xc8\v2.10\pic\sources\c90\common\lwdiv.c
		___lwdiv       		CODE           	1BB0	0000	69

C:\Program Files (x86)\Microchip\xc8\v2.10\pic\sources\c90\common\lwdiv.c estimated size: 69

C:\Program Files (x86)\Microchip\xc8\v2.10\pic\sources\c90\common\awdiv.c
		___awdiv       		CODE           	1DB6	0000	106

C:\Program Files (x86)\Microchip\xc8\v2.10\pic\sources\c90\common\awdiv.c estimated size: 106

C:\Program Files (x86)\Microchip\xc8\v2.10\pic\sources\c90\common\fltol.c
		___fltol       		CODE           	08C4	0000	125

C:\Program Files (x86)\Microchip\xc8\v2.10\pic\sources\c90\common\fltol.c estimated size: 125

C:\Program Files (x86)\Microchip\xc8\v2.10\pic\sources\c90\common\ftdivl.c
		__tdiv_to_l_   		CODE           	1015	0000	190

C:\Program Files (x86)\Microchip\xc8\v2.10\pic\sources\c90\common\ftdivl.c estimated size: 190

C:\Program Files (x86)\Microchip\xc8\v2.10\pic\sources\c90\common\Umul16.c
		___wmul        		CODE           	1AFC	0000	38

C:\Program Files (x86)\Microchip\xc8\v2.10\pic\sources\c90\common\Umul16.c estimated size: 38

C:\Program Files (x86)\Microchip\xc8\v2.10\pic\sources\c90\common\fldivl.c
		__div_to_l_    		CODE           	10D2	0000	191

C:\Program Files (x86)\Microchip\xc8\v2.10\pic\sources\c90\common\fldivl.c estimated size: 191

C:\Program Files (x86)\Microchip\xc8\v2.10\pic\sources\c90\common\sprcmul.c
		___flmul       		CODE           	0C9F	0000	866

C:\Program Files (x86)\Microchip\xc8\v2.10\pic\sources\c90\common\sprcmul.c estimated size: 866

C:\Program Files (x86)\Microchip\xc8\v2.10\pic\sources\c90\common\Umul8_16.c
		__Umul8_16     		CODE           	1B21	0000	40

C:\Program Files (x86)\Microchip\xc8\v2.10\pic\sources\c90\common\Umul8_16.c estimated size: 40

C:\Program Files (x86)\Microchip\xc8\v2.10\pic\sources\c90\common\__lldiv.c
		___lldiv       		CODE           	1D50	0000	103

C:\Program Files (x86)\Microchip\xc8\v2.10\pic\sources\c90\common\__lldiv.c estimated size: 103

C:\Program Files (x86)\Microchip\xc8\v2.10\pic\sources\c90\common\sprcdiv.c
		___fldiv       		CODE           	1190	0000	478

C:\Program Files (x86)\Microchip\xc8\v2.10\pic\sources\c90\common\sprcdiv.c estimated size: 478

C:\Program Files (x86)\Microchip\xc8\v2.10\pic\sources\c90\common\flneg.c
		___flneg       		CODE           	1A95	0000	12

C:\Program Files (x86)\Microchip\xc8\v2.10\pic\sources\c90\common\flneg.c estimated size: 12

C:\Program Files (x86)\Microchip\xc8\v2.10\pic\sources\c90\common\flge.c
		___flge        		CODE           	1EA4	0000	163

C:\Program Files (x86)\Microchip\xc8\v2.10\pic\sources\c90\common\flge.c estimated size: 163

C:\Program Files (x86)\Microchip\xc8\v2.10\pic\sources\c90\common\xxtofl.c
		___xxtofl      		CODE           	1F46	0000	187

C:\Program Files (x86)\Microchip\xc8\v2.10\pic\sources\c90\common\xxtofl.c estimated size: 187

shared
		__stringtab    		STRING         	0800	0000	17
		__powers_      		STRING         	0810	0000	53
		_dpowers       		STRING         	0878	0000	41
		__npowers_     		STRING         	0844	0000	53
		__initialization		CODE           	07FC	0000	1

shared estimated size: 165

C:\Program Files (x86)\Microchip\xc8\v2.10\pic\sources\c90\common\lwmod.c
		___lwmod       		CODE           	1B76	0000	59

C:\Program Files (x86)\Microchip\xc8\v2.10\pic\sources\c90\common\lwmod.c estimated size: 59

C:\Program Files (x86)\Microchip\xc8\v2.10\pic\sources\c90\common\awmod.c
		___awmod       		CODE           	1C96	0000	90

C:\Program Files (x86)\Microchip\xc8\v2.10\pic\sources\c90\common\awmod.c estimated size: 90

C:\Program Files (x86)\Microchip\xc8\v2.10\pic\sources\c90\common\isdigit.c
		_isdigit       		CODE           	1AAC	0000	19

C:\Program Files (x86)\Microchip\xc8\v2.10\pic\sources\c90\common\isdigit.c estimated size: 19

C:\Program Files (x86)\Microchip\xc8\v2.10\pic\sources\c90\common\llmod.c
		___llmod       		CODE           	1C42	0000	85

C:\Program Files (x86)\Microchip\xc8\v2.10\pic\sources\c90\common\llmod.c estimated size: 85

C:\Program Files (x86)\Microchip\xc8\v2.10\pic\sources\c90\common\sprcadd.c
		___flsub       		CODE           	1AD8	0000	37
		___fladd       		CODE           	1578	0000	649

C:\Program Files (x86)\Microchip\xc8\v2.10\pic\sources\c90\common\sprcadd.c estimated size: 686

./usart.h
		_putsUART      		CODE           	1B48	0000	47
		_configurarUART		CODE           	0005	0000	42
		_putUART       		CODE           	1AA0	0000	13

./usart.h estimated size: 102

C:\Program Files (x86)\Microchip\xc8\v2.10\pic\sources\c90\common\doprnt.c
		_scale         		CODE           	0940	0000	864
		_sprintf       		CODE           	01A4	0000	1625
		_fround        		CODE           	136D	0000	524

C:\Program Files (x86)\Microchip\xc8\v2.10\pic\sources\c90\common\doprnt.c estimated size: 3013

main.c
		_configADC     		CODE           	1ABE	0000	27
		_main          		CODE           	1E1F	0000	134
		_config        		CODE           	1001	0000	21
		_encontrarT    		CODE           	002E	0000	375
		_voltajef      		CODE           	1CEF	0000	98

main.c estimated size: 655

